// Jest Snapshot v1, https://goo.gl/fbAQLP

exports[`useMetamask should match empty state & no metamask installed 1`] = `<div />`;
